[debug] [2026-03-24T00:53:20.305Z] ----------------------------------------------------------------------
[debug] [2026-03-24T00:53:20.307Z] Command:       C:\Program Files\nodejs\node.exe C:\Users\Laboratorio-Info\AppData\Roaming\npm\node_modules\firebase-tools\lib\bin\firebase.js deploy --only functions
[debug] [2026-03-24T00:53:20.307Z] CLI Version:   15.11.0
[debug] [2026-03-24T00:53:20.308Z] Platform:      win32
[debug] [2026-03-24T00:53:20.308Z] Node Version:  v24.11.1
[debug] [2026-03-24T00:53:20.308Z] Time:          Mon Mar 23 2026 21:53:20 GMT-0300 (Horário Padrão de Brasília)
[debug] [2026-03-24T00:53:20.308Z] ----------------------------------------------------------------------
[debug] 
[debug] [2026-03-24T00:53:21.947Z] > command requires scopes: ["email","openid","https://www.googleapis.com/auth/cloudplatformprojects.readonly","https://www.googleapis.com/auth/firebase","https://www.googleapis.com/auth/cloud-platform"]
[debug] [2026-03-24T00:53:21.947Z] > authorizing via signed-in user (mpnn2207@gmail.com)
[debug] [2026-03-24T00:53:21.947Z] [iam] checking project myproject-526bc for permissions ["cloudfunctions.functions.create","cloudfunctions.functions.delete","cloudfunctions.functions.get","cloudfunctions.functions.list","cloudfunctions.functions.update","cloudfunctions.operations.get","firebase.projects.get"]
[debug] [2026-03-24T00:53:21.948Z] Checked if tokens are valid: true, expires at: 1774315104473
[debug] [2026-03-24T00:53:21.949Z] Checked if tokens are valid: true, expires at: 1774315104473
[debug] [2026-03-24T00:53:21.949Z] >>> [apiv2][query] POST https://cloudresourcemanager.googleapis.com/v1/projects/myproject-526bc:testIamPermissions [none]
[debug] [2026-03-24T00:53:21.949Z] >>> [apiv2][(partial)header] POST https://cloudresourcemanager.googleapis.com/v1/projects/myproject-526bc:testIamPermissions  x-goog-user-project=myproject-526bc
[debug] [2026-03-24T00:53:21.949Z] >>> [apiv2][body] POST https://cloudresourcemanager.googleapis.com/v1/projects/myproject-526bc:testIamPermissions {"permissions":["cloudfunctions.functions.create","cloudfunctions.functions.delete","cloudfunctions.functions.get","cloudfunctions.functions.list","cloudfunctions.functions.update","cloudfunctions.operations.get","firebase.projects.get"]}
[debug] [2026-03-24T00:53:25.805Z] <<< [apiv2][status] POST https://cloudresourcemanager.googleapis.com/v1/projects/myproject-526bc:testIamPermissions 200
[debug] [2026-03-24T00:53:25.805Z] <<< [apiv2][body] POST https://cloudresourcemanager.googleapis.com/v1/projects/myproject-526bc:testIamPermissions {"permissions":["cloudfunctions.functions.create","cloudfunctions.functions.delete","cloudfunctions.functions.get","cloudfunctions.functions.list","cloudfunctions.functions.update","cloudfunctions.operations.get","firebase.projects.get"]}
[debug] [2026-03-24T00:53:25.805Z] Checked if tokens are valid: true, expires at: 1774315104473
[debug] [2026-03-24T00:53:25.805Z] Checked if tokens are valid: true, expires at: 1774315104473
[debug] [2026-03-24T00:53:25.805Z] >>> [apiv2][query] POST https://iam.googleapis.com/v1/projects/myproject-526bc/serviceAccounts/myproject-526bc@appspot.gserviceaccount.com:testIamPermissions [none]
[debug] [2026-03-24T00:53:25.805Z] >>> [apiv2][body] POST https://iam.googleapis.com/v1/projects/myproject-526bc/serviceAccounts/myproject-526bc@appspot.gserviceaccount.com:testIamPermissions {"permissions":["iam.serviceAccounts.actAs"]}
[debug] [2026-03-24T00:53:29.683Z] <<< [apiv2][status] POST https://iam.googleapis.com/v1/projects/myproject-526bc/serviceAccounts/myproject-526bc@appspot.gserviceaccount.com:testIamPermissions 404
[debug] [2026-03-24T00:53:29.683Z] <<< [apiv2][body] POST https://iam.googleapis.com/v1/projects/myproject-526bc/serviceAccounts/myproject-526bc@appspot.gserviceaccount.com:testIamPermissions {"error":{"code":404,"message":"Unknown service account","status":"NOT_FOUND"}}
[debug] [2026-03-24T00:53:29.684Z] [functions] service account IAM check errored, deploy may fail: Request to https://iam.googleapis.com/v1/projects/myproject-526bc/serviceAccounts/myproject-526bc@appspot.gserviceaccount.com:testIamPermissions had HTTP Error: 404, Unknown service account {"name":"FirebaseError","children":[],"context":{"body":{"error":{"code":404,"message":"Unknown service account","status":"NOT_FOUND"}},"response":{"statusCode":404}},"exit":1,"message":"Request to https://iam.googleapis.com/v1/projects/myproject-526bc/serviceAccounts/myproject-526bc@appspot.gserviceaccount.com:testIamPermissions had HTTP Error: 404, Unknown service account","status":404}
[info] 
[info] === Deploying to 'myproject-526bc'...
[info] 
[info] i  deploying functions 
[debug] [2026-03-24T00:53:29.688Z] Checked if tokens are valid: true, expires at: 1774315104473
[debug] [2026-03-24T00:53:29.688Z] Checked if tokens are valid: true, expires at: 1774315104473
[debug] [2026-03-24T00:53:29.688Z] >>> [apiv2][query] GET https://serviceusage.googleapis.com/v1/projects/myproject-526bc/services/cloudresourcemanager.googleapis.com [none]
[debug] [2026-03-24T00:53:29.688Z] >>> [apiv2][(partial)header] GET https://serviceusage.googleapis.com/v1/projects/myproject-526bc/services/cloudresourcemanager.googleapis.com  x-goog-user-project=myproject-526bc
[debug] [2026-03-24T00:53:33.806Z] <<< [apiv2][status] GET https://serviceusage.googleapis.com/v1/projects/myproject-526bc/services/cloudresourcemanager.googleapis.com 200
[debug] [2026-03-24T00:53:33.807Z] <<< [apiv2][body] GET https://serviceusage.googleapis.com/v1/projects/myproject-526bc/services/cloudresourcemanager.googleapis.com [omitted]
[debug] [2026-03-24T00:53:33.817Z] Checked if tokens are valid: true, expires at: 1774315104473
[debug] [2026-03-24T00:53:33.817Z] Checked if tokens are valid: true, expires at: 1774315104473
[debug] [2026-03-24T00:53:33.817Z] >>> [apiv2][query] GET https://cloudresourcemanager.googleapis.com/v1/projects/myproject-526bc [none]
[debug] [2026-03-24T00:53:37.675Z] <<< [apiv2][status] GET https://cloudresourcemanager.googleapis.com/v1/projects/myproject-526bc 200
[debug] [2026-03-24T00:53:37.675Z] <<< [apiv2][body] GET https://cloudresourcemanager.googleapis.com/v1/projects/myproject-526bc {"projectNumber":"35168514831","projectId":"myproject-526bc","lifecycleState":"ACTIVE","name":"MyProject","labels":{"firebase":"enabled","firebase-core":"disabled"},"createTime":"2026-02-24T00:11:00.660518Z"}
[info] i  functions: preparing codebase default for deployment 
[info] i  functions: ensuring required API cloudfunctions.googleapis.com is enabled... 
[info] i  functions: ensuring required API cloudbuild.googleapis.com is enabled... 
[debug] [2026-03-24T00:53:37.678Z] Checked if tokens are valid: true, expires at: 1774315104473
[debug] [2026-03-24T00:53:37.678Z] Checked if tokens are valid: true, expires at: 1774315104473
[info] i  artifactregistry: ensuring required API artifactregistry.googleapis.com is enabled... 
[debug] [2026-03-24T00:53:37.679Z] Checked if tokens are valid: true, expires at: 1774315104473
[debug] [2026-03-24T00:53:37.679Z] Checked if tokens are valid: true, expires at: 1774315104473
[debug] [2026-03-24T00:53:37.679Z] >>> [apiv2][query] GET https://serviceusage.googleapis.com/v1/projects/myproject-526bc/services/cloudbuild.googleapis.com [none]
[debug] [2026-03-24T00:53:37.679Z] >>> [apiv2][(partial)header] GET https://serviceusage.googleapis.com/v1/projects/myproject-526bc/services/cloudbuild.googleapis.com  x-goog-user-project=myproject-526bc
[debug] [2026-03-24T00:53:37.679Z] >>> [apiv2][query] GET https://serviceusage.googleapis.com/v1/projects/myproject-526bc/services/artifactregistry.googleapis.com [none]
[debug] [2026-03-24T00:53:37.680Z] >>> [apiv2][(partial)header] GET https://serviceusage.googleapis.com/v1/projects/myproject-526bc/services/artifactregistry.googleapis.com  x-goog-user-project=myproject-526bc
[debug] [2026-03-24T00:53:38.655Z] <<< [apiv2][status] GET https://serviceusage.googleapis.com/v1/projects/myproject-526bc/services/cloudbuild.googleapis.com 200
[debug] [2026-03-24T00:53:38.655Z] <<< [apiv2][body] GET https://serviceusage.googleapis.com/v1/projects/myproject-526bc/services/cloudbuild.googleapis.com [omitted]
[warn] !  functions: missing required API cloudbuild.googleapis.com. Enabling now... 
[debug] [2026-03-24T00:53:38.656Z] Checked if tokens are valid: true, expires at: 1774315104473
[debug] [2026-03-24T00:53:38.656Z] Checked if tokens are valid: true, expires at: 1774315104473
[debug] [2026-03-24T00:53:38.656Z] >>> [apiv2][query] POST https://serviceusage.googleapis.com/v1/projects/myproject-526bc/services/cloudbuild.googleapis.com:enable [none]
[debug] [2026-03-24T00:53:38.656Z] >>> [apiv2][(partial)header] POST https://serviceusage.googleapis.com/v1/projects/myproject-526bc/services/cloudbuild.googleapis.com:enable  x-goog-user-project=myproject-526bc
[debug] [2026-03-24T00:53:39.273Z] <<< [apiv2][status] POST https://serviceusage.googleapis.com/v1/projects/myproject-526bc/services/cloudbuild.googleapis.com:enable 200
[debug] [2026-03-24T00:53:39.273Z] <<< [apiv2][body] POST https://serviceusage.googleapis.com/v1/projects/myproject-526bc/services/cloudbuild.googleapis.com:enable [omitted]
[debug] [2026-03-24T00:53:41.782Z] <<< [apiv2][status] GET https://serviceusage.googleapis.com/v1/projects/myproject-526bc/services/artifactregistry.googleapis.com 200
[debug] [2026-03-24T00:53:41.783Z] <<< [apiv2][body] GET https://serviceusage.googleapis.com/v1/projects/myproject-526bc/services/artifactregistry.googleapis.com [omitted]
[warn] !  artifactregistry: missing required API artifactregistry.googleapis.com. Enabling now... 
[debug] [2026-03-24T00:53:41.784Z] Checked if tokens are valid: true, expires at: 1774315104473
[debug] [2026-03-24T00:53:41.784Z] Checked if tokens are valid: true, expires at: 1774315104473
[debug] [2026-03-24T00:53:41.784Z] >>> [apiv2][query] POST https://serviceusage.googleapis.com/v1/projects/myproject-526bc/services/artifactregistry.googleapis.com:enable [none]
[debug] [2026-03-24T00:53:41.784Z] >>> [apiv2][(partial)header] POST https://serviceusage.googleapis.com/v1/projects/myproject-526bc/services/artifactregistry.googleapis.com:enable  x-goog-user-project=myproject-526bc
[debug] [2026-03-24T00:53:43.010Z] <<< [apiv2][status] POST https://serviceusage.googleapis.com/v1/projects/myproject-526bc/services/artifactregistry.googleapis.com:enable 200
[debug] [2026-03-24T00:53:43.010Z] <<< [apiv2][body] POST https://serviceusage.googleapis.com/v1/projects/myproject-526bc/services/artifactregistry.googleapis.com:enable [omitted]
[debug] [2026-03-24T00:53:53.035Z] Checked if tokens are valid: true, expires at: 1774315104473
[debug] [2026-03-24T00:53:53.035Z] Checked if tokens are valid: true, expires at: 1774315104473
[debug] [2026-03-24T00:53:53.035Z] >>> [apiv2][query] GET https://firebase.googleapis.com/v1beta1/projects/myproject-526bc/adminSdkConfig [none]
[debug] [2026-03-24T00:53:53.540Z] <<< [apiv2][status] GET https://firebase.googleapis.com/v1beta1/projects/myproject-526bc/adminSdkConfig 200
[debug] [2026-03-24T00:53:53.540Z] <<< [apiv2][body] GET https://firebase.googleapis.com/v1beta1/projects/myproject-526bc/adminSdkConfig {"projectId":"myproject-526bc","databaseURL":"https://myproject-526bc-default-rtdb.firebaseio.com","storageBucket":"myproject-526bc.firebasestorage.app"}
[debug] [2026-03-24T00:53:53.542Z] Validating nodejs source
[debug] [2026-03-24T00:53:54.323Z] > [functions] package.json contents: {
  "name": "functions",
  "description": "Cloud Functions for Firebase",
  "scripts": {
    "lint": "eslint .",
    "serve": "firebase emulators:start --only functions",
    "shell": "firebase functions:shell",
    "start": "npm run shell",
    "deploy": "firebase deploy --only functions",
    "logs": "firebase functions:log"
  },
  "engines": {
    "node": "24"
  },
  "main": "index.js",
  "dependencies": {
    "firebase-admin": "^13.6.0",
    "firebase-functions": "^7.0.0"
  },
  "devDependencies": {
    "eslint": "^8.15.0",
    "eslint-config-google": "^0.14.0",
    "firebase-functions-test": "^3.4.1"
  },
  "private": true
}
[debug] [2026-03-24T00:53:54.323Z] Building nodejs source
[info] i  functions: Loading and analyzing source code for codebase default to determine what to deploy 
[debug] [2026-03-24T00:53:54.324Z] Could not find functions.yaml. Must use http discovery
[debug] [2026-03-24T00:53:54.331Z] Found firebase-functions binary at 'C:\Users\Laboratorio-Info\Desktop\React_CRUD\functions\node_modules\.bin\firebase-functions'
[info] Serving at port 8627

[debug] [2026-03-24T00:53:54.979Z] Got response from /__/functions.yaml {"endpoints":{"deleteLargeFiles":{"platform":"gcfv2","availableMemoryMb":null,"timeoutSeconds":null,"minInstances":null,"maxInstances":null,"ingressSettings":null,"concurrency":null,"serviceAccountEmail":null,"vpc":null,"labels":{},"eventTrigger":{"eventType":"google.cloud.storage.object.v1.finalized","eventFilters":{"bucket":"myproject-526bc.firebasestorage.app"},"retry":false},"entryPoint":"deleteLargeFiles"}},"specVersion":"v1alpha1","requiredAPIs":[],"extensions":{}}
[info] i  extensions: ensuring required API firebaseextensions.googleapis.com is enabled... 
[debug] [2026-03-24T00:53:59.009Z] Checked if tokens are valid: true, expires at: 1774315104473
[debug] [2026-03-24T00:53:59.009Z] Checked if tokens are valid: true, expires at: 1774315104473
[debug] [2026-03-24T00:53:59.009Z] >>> [apiv2][query] GET https://serviceusage.googleapis.com/v1/projects/myproject-526bc/services/firebaseextensions.googleapis.com [none]
[debug] [2026-03-24T00:53:59.009Z] >>> [apiv2][(partial)header] GET https://serviceusage.googleapis.com/v1/projects/myproject-526bc/services/firebaseextensions.googleapis.com  x-goog-user-project=myproject-526bc
[debug] [2026-03-24T00:54:03.029Z] <<< [apiv2][status] GET https://serviceusage.googleapis.com/v1/projects/myproject-526bc/services/firebaseextensions.googleapis.com 200
[debug] [2026-03-24T00:54:03.030Z] <<< [apiv2][body] GET https://serviceusage.googleapis.com/v1/projects/myproject-526bc/services/firebaseextensions.googleapis.com [omitted]
[warn] !  extensions: missing required API firebaseextensions.googleapis.com. Enabling now... 
[debug] [2026-03-24T00:54:03.030Z] Checked if tokens are valid: true, expires at: 1774315104473
[debug] [2026-03-24T00:54:03.030Z] Checked if tokens are valid: true, expires at: 1774315104473
[debug] [2026-03-24T00:54:03.030Z] >>> [apiv2][query] POST https://serviceusage.googleapis.com/v1/projects/myproject-526bc/services/firebaseextensions.googleapis.com:enable [none]
[debug] [2026-03-24T00:54:03.030Z] >>> [apiv2][(partial)header] POST https://serviceusage.googleapis.com/v1/projects/myproject-526bc/services/firebaseextensions.googleapis.com:enable  x-goog-user-project=myproject-526bc
[debug] [2026-03-24T00:54:04.251Z] <<< [apiv2][status] POST https://serviceusage.googleapis.com/v1/projects/myproject-526bc/services/firebaseextensions.googleapis.com:enable 200
[debug] [2026-03-24T00:54:04.251Z] <<< [apiv2][body] POST https://serviceusage.googleapis.com/v1/projects/myproject-526bc/services/firebaseextensions.googleapis.com:enable [omitted]
[debug] [2026-03-24T00:54:14.266Z] > command requires scopes: ["email","openid","https://www.googleapis.com/auth/cloudplatformprojects.readonly","https://www.googleapis.com/auth/firebase","https://www.googleapis.com/auth/cloud-platform"]
[debug] [2026-03-24T00:54:14.267Z] > authorizing via signed-in user (mpnn2207@gmail.com)
[debug] [2026-03-24T00:54:14.267Z] [iam] checking project myproject-526bc for permissions ["firebase.projects.get","firebaseextensions.instances.list"]
[debug] [2026-03-24T00:54:14.267Z] Checked if tokens are valid: true, expires at: 1774315104473
[debug] [2026-03-24T00:54:14.267Z] Checked if tokens are valid: true, expires at: 1774315104473
[debug] [2026-03-24T00:54:14.267Z] >>> [apiv2][query] POST https://cloudresourcemanager.googleapis.com/v1/projects/myproject-526bc:testIamPermissions [none]
[debug] [2026-03-24T00:54:14.267Z] >>> [apiv2][(partial)header] POST https://cloudresourcemanager.googleapis.com/v1/projects/myproject-526bc:testIamPermissions  x-goog-user-project=myproject-526bc
[debug] [2026-03-24T00:54:14.267Z] >>> [apiv2][body] POST https://cloudresourcemanager.googleapis.com/v1/projects/myproject-526bc:testIamPermissions {"permissions":["firebase.projects.get","firebaseextensions.instances.list"]}
[debug] [2026-03-24T00:54:18.103Z] <<< [apiv2][status] POST https://cloudresourcemanager.googleapis.com/v1/projects/myproject-526bc:testIamPermissions 200
[debug] [2026-03-24T00:54:18.103Z] <<< [apiv2][body] POST https://cloudresourcemanager.googleapis.com/v1/projects/myproject-526bc:testIamPermissions {"permissions":["firebase.projects.get","firebaseextensions.instances.list"]}
[debug] [2026-03-24T00:54:18.104Z] Checked if tokens are valid: true, expires at: 1774315104473
[debug] [2026-03-24T00:54:18.104Z] Checked if tokens are valid: true, expires at: 1774315104473
[debug] [2026-03-24T00:54:18.104Z] >>> [apiv2][query] GET https://firebaseextensions.googleapis.com/v1beta/projects/myproject-526bc/instances pageSize=100&pageToken=
[debug] [2026-03-24T00:54:23.436Z] <<< [apiv2][status] GET https://firebaseextensions.googleapis.com/v1beta/projects/myproject-526bc/instances 200
[debug] [2026-03-24T00:54:23.436Z] <<< [apiv2][body] GET https://firebaseextensions.googleapis.com/v1beta/projects/myproject-526bc/instances {}
[info] i  functions: preparing functions directory for uploading... 
[info] i  functions: packaged C:\Users\Laboratorio-Info\Desktop\React_CRUD\functions (78.56 KB) for uploading 
[debug] [2026-03-24T00:54:23.477Z] Checked if tokens are valid: true, expires at: 1774315104473
[debug] [2026-03-24T00:54:23.477Z] Checked if tokens are valid: true, expires at: 1774315104473
[debug] [2026-03-24T00:54:23.477Z] >>> [apiv2][query] GET https://cloudfunctions.googleapis.com/v1/projects/myproject-526bc/locations/-/functions [none]
[debug] [2026-03-24T00:54:27.540Z] <<< [apiv2][status] GET https://cloudfunctions.googleapis.com/v1/projects/myproject-526bc/locations/-/functions 200
[debug] [2026-03-24T00:54:27.540Z] <<< [apiv2][body] GET https://cloudfunctions.googleapis.com/v1/projects/myproject-526bc/locations/-/functions {}
[debug] [2026-03-24T00:54:27.540Z] Checked if tokens are valid: true, expires at: 1774315104473
[debug] [2026-03-24T00:54:27.540Z] Checked if tokens are valid: true, expires at: 1774315104473
[debug] [2026-03-24T00:54:27.540Z] >>> [apiv2][query] GET https://cloudfunctions.googleapis.com/v2/projects/myproject-526bc/locations/-/functions filter=environment%3D%22GEN_2%22
[debug] [2026-03-24T00:54:28.895Z] <<< [apiv2][status] GET https://cloudfunctions.googleapis.com/v2/projects/myproject-526bc/locations/-/functions 200
[debug] [2026-03-24T00:54:28.895Z] <<< [apiv2][body] GET https://cloudfunctions.googleapis.com/v2/projects/myproject-526bc/locations/-/functions {}
[debug] [2026-03-24T00:54:28.896Z] Looking up bucket region for the storage event trigger
[debug] [2026-03-24T00:54:28.896Z] Looking up bucket region for the storage event trigger on bucket myproject-526bc.firebasestorage.app
[debug] [2026-03-24T00:54:28.896Z] Checked if tokens are valid: true, expires at: 1774315104473
[debug] [2026-03-24T00:54:28.896Z] Checked if tokens are valid: true, expires at: 1774315104473
[debug] [2026-03-24T00:54:28.896Z] >>> [apiv2][query] GET https://storage.googleapis.com/storage/v1/b/myproject-526bc.firebasestorage.app [none]
[debug] [2026-03-24T00:54:29.211Z] <<< [apiv2][status] GET https://storage.googleapis.com/storage/v1/b/myproject-526bc.firebasestorage.app 200
[debug] [2026-03-24T00:54:29.211Z] <<< [apiv2][body] GET https://storage.googleapis.com/storage/v1/b/myproject-526bc.firebasestorage.app {"kind":"storage#bucket","selfLink":"https://www.googleapis.com/storage/v1/b/myproject-526bc.firebasestorage.app","id":"myproject-526bc.firebasestorage.app","name":"myproject-526bc.firebasestorage.app","projectNumber":"35168514831","generation":"1774304389862391568","metageneration":"1","location":"US-CENTRAL1","storageClass":"REGIONAL","etag":"CAE=","timeCreated":"2026-03-23T22:19:49.957Z","updated":"2026-03-23T22:19:49.957Z","softDeletePolicy":{"retentionDurationSeconds":"604800","effectiveTime":"2026-03-23T22:19:49.957Z"},"iamConfiguration":{"bucketPolicyOnly":{"enabled":false},"uniformBucketLevelAccess":{"enabled":false},"publicAccessPrevention":"inherited"},"locationType":"region","satisfiesPZI":true}
[debug] [2026-03-24T00:54:29.212Z] Setting the event trigger region to us-central1 .
[info] i  functions: ensuring required API run.googleapis.com is enabled... 
[debug] [2026-03-24T00:54:29.214Z] Checked if tokens are valid: true, expires at: 1774315104473
[debug] [2026-03-24T00:54:29.214Z] Checked if tokens are valid: true, expires at: 1774315104473
[info] i  functions: ensuring required API eventarc.googleapis.com is enabled... 
[debug] [2026-03-24T00:54:29.215Z] Checked if tokens are valid: true, expires at: 1774315104473
[debug] [2026-03-24T00:54:29.215Z] Checked if tokens are valid: true, expires at: 1774315104473
[info] i  functions: ensuring required API pubsub.googleapis.com is enabled... 
[debug] [2026-03-24T00:54:29.215Z] Checked if tokens are valid: true, expires at: 1774315104473
[debug] [2026-03-24T00:54:29.215Z] Checked if tokens are valid: true, expires at: 1774315104473
[info] i  functions: ensuring required API storage.googleapis.com is enabled... 
[debug] [2026-03-24T00:54:29.216Z] Checked if tokens are valid: true, expires at: 1774315104473
[debug] [2026-03-24T00:54:29.216Z] Checked if tokens are valid: true, expires at: 1774315104473
[debug] [2026-03-24T00:54:29.216Z] >>> [apiv2][query] GET https://serviceusage.googleapis.com/v1/projects/35168514831/services/run.googleapis.com [none]
[debug] [2026-03-24T00:54:29.216Z] >>> [apiv2][(partial)header] GET https://serviceusage.googleapis.com/v1/projects/35168514831/services/run.googleapis.com  x-goog-user-project=35168514831
[debug] [2026-03-24T00:54:29.217Z] >>> [apiv2][query] GET https://serviceusage.googleapis.com/v1/projects/35168514831/services/eventarc.googleapis.com [none]
[debug] [2026-03-24T00:54:29.217Z] >>> [apiv2][(partial)header] GET https://serviceusage.googleapis.com/v1/projects/35168514831/services/eventarc.googleapis.com  x-goog-user-project=35168514831
[debug] [2026-03-24T00:54:29.218Z] >>> [apiv2][query] GET https://serviceusage.googleapis.com/v1/projects/35168514831/services/pubsub.googleapis.com [none]
[debug] [2026-03-24T00:54:29.218Z] >>> [apiv2][(partial)header] GET https://serviceusage.googleapis.com/v1/projects/35168514831/services/pubsub.googleapis.com  x-goog-user-project=35168514831
[debug] [2026-03-24T00:54:29.219Z] >>> [apiv2][query] GET https://serviceusage.googleapis.com/v1/projects/35168514831/services/storage.googleapis.com [none]
[debug] [2026-03-24T00:54:29.219Z] >>> [apiv2][(partial)header] GET https://serviceusage.googleapis.com/v1/projects/35168514831/services/storage.googleapis.com  x-goog-user-project=35168514831
[debug] [2026-03-24T00:54:33.192Z] <<< [apiv2][status] GET https://serviceusage.googleapis.com/v1/projects/35168514831/services/eventarc.googleapis.com 200
[debug] [2026-03-24T00:54:33.192Z] <<< [apiv2][body] GET https://serviceusage.googleapis.com/v1/projects/35168514831/services/eventarc.googleapis.com [omitted]
[warn] !  functions: missing required API eventarc.googleapis.com. Enabling now... 
[debug] [2026-03-24T00:54:33.192Z] Checked if tokens are valid: true, expires at: 1774315104473
[debug] [2026-03-24T00:54:33.192Z] Checked if tokens are valid: true, expires at: 1774315104473
[debug] [2026-03-24T00:54:33.192Z] >>> [apiv2][query] POST https://serviceusage.googleapis.com/v1/projects/35168514831/services/eventarc.googleapis.com:enable [none]
[debug] [2026-03-24T00:54:33.193Z] >>> [apiv2][(partial)header] POST https://serviceusage.googleapis.com/v1/projects/35168514831/services/eventarc.googleapis.com:enable  x-goog-user-project=35168514831
[debug] [2026-03-24T00:54:33.207Z] <<< [apiv2][status] GET https://serviceusage.googleapis.com/v1/projects/35168514831/services/pubsub.googleapis.com 200
[debug] [2026-03-24T00:54:33.208Z] <<< [apiv2][body] GET https://serviceusage.googleapis.com/v1/projects/35168514831/services/pubsub.googleapis.com [omitted]
[info] +  functions: required API pubsub.googleapis.com is enabled 
[debug] [2026-03-24T00:54:33.259Z] <<< [apiv2][status] GET https://serviceusage.googleapis.com/v1/projects/35168514831/services/run.googleapis.com 200
[debug] [2026-03-24T00:54:33.260Z] <<< [apiv2][body] GET https://serviceusage.googleapis.com/v1/projects/35168514831/services/run.googleapis.com [omitted]
[warn] !  functions: missing required API run.googleapis.com. Enabling now... 
[debug] [2026-03-24T00:54:33.260Z] Checked if tokens are valid: true, expires at: 1774315104473
[debug] [2026-03-24T00:54:33.260Z] Checked if tokens are valid: true, expires at: 1774315104473
[debug] [2026-03-24T00:54:33.260Z] >>> [apiv2][query] POST https://serviceusage.googleapis.com/v1/projects/35168514831/services/run.googleapis.com:enable [none]
[debug] [2026-03-24T00:54:33.260Z] >>> [apiv2][(partial)header] POST https://serviceusage.googleapis.com/v1/projects/35168514831/services/run.googleapis.com:enable  x-goog-user-project=35168514831
[debug] [2026-03-24T00:54:33.263Z] <<< [apiv2][status] GET https://serviceusage.googleapis.com/v1/projects/35168514831/services/storage.googleapis.com 200
[debug] [2026-03-24T00:54:33.263Z] <<< [apiv2][body] GET https://serviceusage.googleapis.com/v1/projects/35168514831/services/storage.googleapis.com [omitted]
[info] +  functions: required API storage.googleapis.com is enabled 
[debug] [2026-03-24T00:54:34.469Z] <<< [apiv2][status] POST https://serviceusage.googleapis.com/v1/projects/35168514831/services/eventarc.googleapis.com:enable 200
[debug] [2026-03-24T00:54:34.470Z] <<< [apiv2][body] POST https://serviceusage.googleapis.com/v1/projects/35168514831/services/eventarc.googleapis.com:enable [omitted]
[debug] [2026-03-24T00:54:34.583Z] <<< [apiv2][status] POST https://serviceusage.googleapis.com/v1/projects/35168514831/services/run.googleapis.com:enable 200
[debug] [2026-03-24T00:54:34.583Z] <<< [apiv2][body] POST https://serviceusage.googleapis.com/v1/projects/35168514831/services/run.googleapis.com:enable [omitted]
[info] i  functions: generating the service identity for pubsub.googleapis.com... 
[debug] [2026-03-24T00:54:44.601Z] Checked if tokens are valid: true, expires at: 1774315104473
[debug] [2026-03-24T00:54:44.602Z] Checked if tokens are valid: true, expires at: 1774315104473
[info] i  functions: generating the service identity for eventarc.googleapis.com... 
[debug] [2026-03-24T00:54:44.602Z] Checked if tokens are valid: true, expires at: 1774315104473
[debug] [2026-03-24T00:54:44.602Z] Checked if tokens are valid: true, expires at: 1774315104473
[debug] [2026-03-24T00:54:44.602Z] >>> [apiv2][query] POST https://serviceusage.googleapis.com/v1beta1/projects/35168514831/services/pubsub.googleapis.com:generateServiceIdentity [none]
[debug] [2026-03-24T00:54:44.602Z] >>> [apiv2][(partial)header] POST https://serviceusage.googleapis.com/v1beta1/projects/35168514831/services/pubsub.googleapis.com:generateServiceIdentity  x-goog-user-project=35168514831
[debug] [2026-03-24T00:54:44.602Z] >>> [apiv2][body] POST https://serviceusage.googleapis.com/v1beta1/projects/35168514831/services/pubsub.googleapis.com:generateServiceIdentity {}
[debug] [2026-03-24T00:54:44.604Z] >>> [apiv2][query] POST https://serviceusage.googleapis.com/v1beta1/projects/35168514831/services/eventarc.googleapis.com:generateServiceIdentity [none]
[debug] [2026-03-24T00:54:44.604Z] >>> [apiv2][(partial)header] POST https://serviceusage.googleapis.com/v1beta1/projects/35168514831/services/eventarc.googleapis.com:generateServiceIdentity  x-goog-user-project=35168514831
[debug] [2026-03-24T00:54:44.604Z] >>> [apiv2][body] POST https://serviceusage.googleapis.com/v1beta1/projects/35168514831/services/eventarc.googleapis.com:generateServiceIdentity {}
[debug] [2026-03-24T00:54:49.041Z] <<< [apiv2][status] POST https://serviceusage.googleapis.com/v1beta1/projects/35168514831/services/pubsub.googleapis.com:generateServiceIdentity 200
[debug] [2026-03-24T00:54:49.041Z] <<< [apiv2][body] POST https://serviceusage.googleapis.com/v1beta1/projects/35168514831/services/pubsub.googleapis.com:generateServiceIdentity {"name":"operations/finished.DONE_OPERATION","done":true,"response":{"@type":"type.googleapis.com/google.api.serviceusage.v1beta1.ServiceIdentity","email":"service-35168514831@gcp-sa-pubsub.iam.gserviceaccount.com","uniqueId":"115336214684078182286"}}
[debug] [2026-03-24T00:54:49.126Z] <<< [apiv2][status] POST https://serviceusage.googleapis.com/v1beta1/projects/35168514831/services/eventarc.googleapis.com:generateServiceIdentity 200
[debug] [2026-03-24T00:54:49.126Z] <<< [apiv2][body] POST https://serviceusage.googleapis.com/v1beta1/projects/35168514831/services/eventarc.googleapis.com:generateServiceIdentity {"name":"operations/finished.DONE_OPERATION","done":true,"response":{"@type":"type.googleapis.com/google.api.serviceusage.v1beta1.ServiceIdentity","email":"service-35168514831@gcp-sa-eventarc.iam.gserviceaccount.com","uniqueId":"108641301481522741146"}}
[debug] [2026-03-24T00:54:49.127Z] Checked if tokens are valid: true, expires at: 1774315104473
[debug] [2026-03-24T00:54:49.127Z] Checked if tokens are valid: true, expires at: 1774315104473
[debug] [2026-03-24T00:54:49.127Z] >>> [apiv2][query] GET https://storage.googleapis.com/storage/v1/projects/35168514831/serviceAccount [none]
[debug] [2026-03-24T00:54:50.916Z] <<< [apiv2][status] GET https://storage.googleapis.com/storage/v1/projects/35168514831/serviceAccount 200
[debug] [2026-03-24T00:54:50.916Z] <<< [apiv2][body] GET https://storage.googleapis.com/storage/v1/projects/35168514831/serviceAccount {"kind":"storage#serviceAccount","email_address":"service-35168514831@gs-project-accounts.iam.gserviceaccount.com"}
[debug] [2026-03-24T00:54:50.917Z] Checked if tokens are valid: true, expires at: 1774315104473
[debug] [2026-03-24T00:54:50.917Z] Checked if tokens are valid: true, expires at: 1774315104473
[debug] [2026-03-24T00:54:50.917Z] >>> [apiv2][query] GET https://compute.googleapis.com/compute/v1/projects/35168514831 [none]
[debug] [2026-03-24T00:54:54.309Z] <<< [apiv2][status] GET https://compute.googleapis.com/compute/v1/projects/35168514831 403
[debug] [2026-03-24T00:54:54.309Z] <<< [apiv2][body] GET https://compute.googleapis.com/compute/v1/projects/35168514831 {"error":{"code":403,"message":"Compute Engine API has not been used in project 35168514831 before or it is disabled. Enable it by visiting https://console.developers.google.com/apis/api/compute.googleapis.com/overview?project=35168514831 then retry. If you enabled this API recently, wait a few minutes for the action to propagate to our systems and retry.","errors":[{"message":"Compute Engine API has not been used in project 35168514831 before or it is disabled. Enable it by visiting https://console.developers.google.com/apis/api/compute.googleapis.com/overview?project=35168514831 then retry. If you enabled this API recently, wait a few minutes for the action to propagate to our systems and retry.","domain":"usageLimits","reason":"accessNotConfigured","extendedHelp":"https://console.developers.google.com"}],"status":"PERMISSION_DENIED","details":[{"@type":"type.googleapis.com/google.rpc.ErrorInfo","reason":"SERVICE_DISABLED","domain":"googleapis.com","metadata":{"activationUrl":"https://console.developers.google.com/apis/api/compute.googleapis.com/overview?project=35168514831","serviceTitle":"Compute Engine API","consumer":"projects/35168514831","service":"compute.googleapis.com","containerInfo":"35168514831"}},{"@type":"type.googleapis.com/google.rpc.LocalizedMessage","locale":"en-US","message":"Compute Engine API has not been used in project 35168514831 before or it is disabled. Enable it by visiting https://console.developers.google.com/apis/api/compute.googleapis.com/overview?project=35168514831 then retry. If you enabled this API recently, wait a few minutes for the action to propagate to our systems and retry."},{"@type":"type.googleapis.com/google.rpc.Help","links":[{"description":"Google developers console API activation","url":"https://console.developers.google.com/apis/api/compute.googleapis.com/overview?project=35168514831"}]}]}}
[debug] [2026-03-24T00:54:54.309Z] unable to look up default compute service account. Falling back to 35168514831-compute@developer.gserviceaccount.com. Error: {"name":"FirebaseError","children":[],"context":{"body":{"error":{"code":403,"message":"Compute Engine API has not been used in project 35168514831 before or it is disabled. Enable it by visiting https://console.developers.google.com/apis/api/compute.googleapis.com/overview?project=35168514831 then retry. If you enabled this API recently, wait a few minutes for the action to propagate to our systems and retry.","errors":[{"message":"Compute Engine API has not been used in project 35168514831 before or it is disabled. Enable it by visiting https://console.developers.google.com/apis/api/compute.googleapis.com/overview?project=35168514831 then retry. If you enabled this API recently, wait a few minutes for the action to propagate to our systems and retry.","domain":"usageLimits","reason":"accessNotConfigured","extendedHelp":"https://console.developers.google.com"}],"status":"PERMISSION_DENIED","details":[{"@type":"type.googleapis.com/google.rpc.ErrorInfo","reason":"SERVICE_DISABLED","domain":"googleapis.com","metadata":{"activationUrl":"https://console.developers.google.com/apis/api/compute.googleapis.com/overview?project=35168514831","serviceTitle":"Compute Engine API","consumer":"projects/35168514831","service":"compute.googleapis.com","containerInfo":"35168514831"}},{"@type":"type.googleapis.com/google.rpc.LocalizedMessage","locale":"en-US","message":"Compute Engine API has not been used in project 35168514831 before or it is disabled. Enable it by visiting https://console.developers.google.com/apis/api/compute.googleapis.com/overview?project=35168514831 then retry. If you enabled this API recently, wait a few minutes for the action to propagate to our systems and retry."},{"@type":"type.googleapis.com/google.rpc.Help","links":[{"description":"Google developers console API activation","url":"https://console.developers.google.com/apis/api/compute.googleapis.com/overview?project=35168514831"}]}]}},"response":{"statusCode":403}},"exit":1,"message":"Request to https://compute.googleapis.com/compute/v1/projects/35168514831 had HTTP Error: 403, Compute Engine API has not been used in project 35168514831 before or it is disabled. Enable it by visiting https://console.developers.google.com/apis/api/compute.googleapis.com/overview?project=35168514831 then retry. If you enabled this API recently, wait a few minutes for the action to propagate to our systems and retry.","status":403}
[debug] [2026-03-24T00:54:54.309Z] Checked if tokens are valid: true, expires at: 1774315104473
[debug] [2026-03-24T00:54:54.309Z] Checked if tokens are valid: true, expires at: 1774315104473
[debug] [2026-03-24T00:54:54.309Z] >>> [apiv2][query] POST https://cloudresourcemanager.googleapis.com/v1/projects/35168514831:getIamPolicy [none]
[debug] [2026-03-24T00:54:58.249Z] <<< [apiv2][status] POST https://cloudresourcemanager.googleapis.com/v1/projects/35168514831:getIamPolicy 200
[debug] [2026-03-24T00:54:58.249Z] <<< [apiv2][body] POST https://cloudresourcemanager.googleapis.com/v1/projects/35168514831:getIamPolicy {"version":1,"etag":"BwZNuphvSlM=","bindings":[{"role":"roles/cloudbuild.builds.builder","members":["serviceAccount:35168514831@cloudbuild.gserviceaccount.com"]},{"role":"roles/cloudbuild.serviceAgent","members":["serviceAccount:service-35168514831@gcp-sa-cloudbuild.iam.gserviceaccount.com"]},{"role":"roles/cloudfunctions.admin","members":["serviceAccount:firebase-adminsdk-fbsvc@myproject-526bc.iam.gserviceaccount.com"]},{"role":"roles/containerregistry.ServiceAgent","members":["serviceAccount:service-35168514831@containerregistry.iam.gserviceaccount.com"]},{"role":"roles/editor","members":["serviceAccount:35168514831@cloudservices.gserviceaccount.com","serviceAccount:35168514831-compute@developer.gserviceaccount.com"]},{"role":"roles/firebase.managementServiceAgent","members":["serviceAccount:service-35168514831@gcp-sa-firebase.iam.gserviceaccount.com"]},{"role":"roles/firebase.sdkAdminServiceAgent","members":["serviceAccount:firebase-adminsdk-fbsvc@myproject-526bc.iam.gserviceaccount.com"]},{"role":"roles/firebaseauth.admin","members":["serviceAccount:firebase-adminsdk-fbsvc@myproject-526bc.iam.gserviceaccount.com"]},{"role":"roles/firebasedatabase.admin","members":["serviceAccount:firebase-adminsdk-fbsvc@myproject-526bc.iam.gserviceaccount.com"]},{"role":"roles/firebasemods.serviceAgent","members":["serviceAccount:service-35168514831@gcp-sa-firebasemods.iam.gserviceaccount.com"]},{"role":"roles/firebasestorage.serviceAgent","members":["serviceAccount:service-35168514831@gcp-sa-firebasestorage.iam.gserviceaccount.com"]},{"role":"roles/iam.serviceAccountTokenCreator","members":["serviceAccount:firebase-adminsdk-fbsvc@myproject-526bc.iam.gserviceaccount.com"]},{"role":"roles/owner","members":["user:mpnn2207@gmail.com"]},{"role":"roles/run.serviceAgent","members":["serviceAccount:service-35168514831@serverless-robot-prod.iam.gserviceaccount.com"]},{"role":"roles/storage.admin","members":["serviceAccount:firebase-adminsdk-fbsvc@myproject-526bc.iam.gserviceaccount.com"]}]}
[debug] [2026-03-24T00:54:58.250Z] Checked if tokens are valid: true, expires at: 1774315104473
[debug] [2026-03-24T00:54:58.250Z] Checked if tokens are valid: true, expires at: 1774315104473
[debug] [2026-03-24T00:54:58.250Z] >>> [apiv2][query] POST https://cloudresourcemanager.googleapis.com/v1/projects/35168514831:setIamPolicy [none]
[debug] [2026-03-24T00:54:58.250Z] >>> [apiv2][body] POST https://cloudresourcemanager.googleapis.com/v1/projects/35168514831:setIamPolicy {"policy":{"version":1,"etag":"BwZNuphvSlM=","bindings":[{"role":"roles/cloudbuild.builds.builder","members":["serviceAccount:35168514831@cloudbuild.gserviceaccount.com"]},{"role":"roles/cloudbuild.serviceAgent","members":["serviceAccount:service-35168514831@gcp-sa-cloudbuild.iam.gserviceaccount.com"]},{"role":"roles/cloudfunctions.admin","members":["serviceAccount:firebase-adminsdk-fbsvc@myproject-526bc.iam.gserviceaccount.com"]},{"role":"roles/containerregistry.ServiceAgent","members":["serviceAccount:service-35168514831@containerregistry.iam.gserviceaccount.com"]},{"role":"roles/editor","members":["serviceAccount:35168514831@cloudservices.gserviceaccount.com","serviceAccount:35168514831-compute@developer.gserviceaccount.com"]},{"role":"roles/firebase.managementServiceAgent","members":["serviceAccount:service-35168514831@gcp-sa-firebase.iam.gserviceaccount.com"]},{"role":"roles/firebase.sdkAdminServiceAgent","members":["serviceAccount:firebase-adminsdk-fbsvc@myproject-526bc.iam.gserviceaccount.com"]},{"role":"roles/firebaseauth.admin","members":["serviceAccount:firebase-adminsdk-fbsvc@myproject-526bc.iam.gserviceaccount.com"]},{"role":"roles/firebasedatabase.admin","members":["serviceAccount:firebase-adminsdk-fbsvc@myproject-526bc.iam.gserviceaccount.com"]},{"role":"roles/firebasemods.serviceAgent","members":["serviceAccount:service-35168514831@gcp-sa-firebasemods.iam.gserviceaccount.com"]},{"role":"roles/firebasestorage.serviceAgent","members":["serviceAccount:service-35168514831@gcp-sa-firebasestorage.iam.gserviceaccount.com"]},{"role":"roles/iam.serviceAccountTokenCreator","members":["serviceAccount:firebase-adminsdk-fbsvc@myproject-526bc.iam.gserviceaccount.com","serviceAccount:service-35168514831@gcp-sa-pubsub.iam.gserviceaccount.com"]},{"role":"roles/owner","members":["user:mpnn2207@gmail.com"]},{"role":"roles/run.serviceAgent","members":["serviceAccount:service-35168514831@serverless-robot-prod.iam.gserviceaccount.com"]},{"role":"roles/storage.admin","members":["serviceAccount:firebase-adminsdk-fbsvc@myproject-526bc.iam.gserviceaccount.com"]},{"role":"roles/pubsub.publisher","members":["serviceAccount:service-35168514831@gs-project-accounts.iam.gserviceaccount.com"]},{"role":"roles/run.invoker","members":["serviceAccount:35168514831-compute@developer.gserviceaccount.com"]},{"role":"roles/eventarc.eventReceiver","members":["serviceAccount:35168514831-compute@developer.gserviceaccount.com"]}]},"updateMask":"bindings"}
[debug] [2026-03-24T00:54:59.198Z] <<< [apiv2][status] POST https://cloudresourcemanager.googleapis.com/v1/projects/35168514831:setIamPolicy 200
[debug] [2026-03-24T00:54:59.198Z] <<< [apiv2][body] POST https://cloudresourcemanager.googleapis.com/v1/projects/35168514831:setIamPolicy {"version":1,"etag":"BwZNupnDzWo=","bindings":[{"role":"roles/cloudbuild.builds.builder","members":["serviceAccount:35168514831@cloudbuild.gserviceaccount.com"]},{"role":"roles/cloudbuild.serviceAgent","members":["serviceAccount:service-35168514831@gcp-sa-cloudbuild.iam.gserviceaccount.com"]},{"role":"roles/cloudfunctions.admin","members":["serviceAccount:firebase-adminsdk-fbsvc@myproject-526bc.iam.gserviceaccount.com"]},{"role":"roles/containerregistry.ServiceAgent","members":["serviceAccount:service-35168514831@containerregistry.iam.gserviceaccount.com"]},{"role":"roles/editor","members":["serviceAccount:35168514831-compute@developer.gserviceaccount.com","serviceAccount:35168514831@cloudservices.gserviceaccount.com"]},{"role":"roles/eventarc.eventReceiver","members":["serviceAccount:35168514831-compute@developer.gserviceaccount.com"]},{"role":"roles/firebase.managementServiceAgent","members":["serviceAccount:service-35168514831@gcp-sa-firebase.iam.gserviceaccount.com"]},{"role":"roles/firebase.sdkAdminServiceAgent","members":["serviceAccount:firebase-adminsdk-fbsvc@myproject-526bc.iam.gserviceaccount.com"]},{"role":"roles/firebaseauth.admin","members":["serviceAccount:firebase-adminsdk-fbsvc@myproject-526bc.iam.gserviceaccount.com"]},{"role":"roles/firebasedatabase.admin","members":["serviceAccount:firebase-adminsdk-fbsvc@myproject-526bc.iam.gserviceaccount.com"]},{"role":"roles/firebasemods.serviceAgent","members":["serviceAccount:service-35168514831@gcp-sa-firebasemods.iam.gserviceaccount.com"]},{"role":"roles/firebasestorage.serviceAgent","members":["serviceAccount:service-35168514831@gcp-sa-firebasestorage.iam.gserviceaccount.com"]},{"role":"roles/iam.serviceAccountTokenCreator","members":["serviceAccount:firebase-adminsdk-fbsvc@myproject-526bc.iam.gserviceaccount.com","serviceAccount:service-35168514831@gcp-sa-pubsub.iam.gserviceaccount.com"]},{"role":"roles/owner","members":["user:mpnn2207@gmail.com"]},{"role":"roles/pubsub.publisher","members":["serviceAccount:service-35168514831@gs-project-accounts.iam.gserviceaccount.com"]},{"role":"roles/run.invoker","members":["serviceAccount:35168514831-compute@developer.gserviceaccount.com"]},{"role":"roles/run.serviceAgent","members":["serviceAccount:service-35168514831@serverless-robot-prod.iam.gserviceaccount.com"]},{"role":"roles/storage.admin","members":["serviceAccount:firebase-adminsdk-fbsvc@myproject-526bc.iam.gserviceaccount.com"]}]}
[debug] [2026-03-24T00:54:59.200Z] Checked if tokens are valid: true, expires at: 1774315104473
[debug] [2026-03-24T00:54:59.200Z] Checked if tokens are valid: true, expires at: 1774315104473
[debug] [2026-03-24T00:54:59.200Z] >>> [apiv2][query] GET https://cloudresourcemanager.googleapis.com/v1/projects/myproject-526bc [none]
[debug] [2026-03-24T00:54:59.396Z] <<< [apiv2][status] GET https://cloudresourcemanager.googleapis.com/v1/projects/myproject-526bc 200
[debug] [2026-03-24T00:54:59.396Z] <<< [apiv2][body] GET https://cloudresourcemanager.googleapis.com/v1/projects/myproject-526bc {"projectNumber":"35168514831","projectId":"myproject-526bc","lifecycleState":"ACTIVE","name":"MyProject","labels":{"firebase":"enabled","firebase-core":"disabled"},"createTime":"2026-02-24T00:11:00.660518Z"}
[debug] [2026-03-24T00:54:59.396Z] Checked if tokens are valid: true, expires at: 1774315104473
[debug] [2026-03-24T00:54:59.396Z] Checked if tokens are valid: true, expires at: 1774315104473
[debug] [2026-03-24T00:54:59.396Z] >>> [apiv2][query] GET https://compute.googleapis.com/compute/v1/projects/35168514831 [none]
[debug] [2026-03-24T00:55:02.749Z] <<< [apiv2][status] GET https://compute.googleapis.com/compute/v1/projects/35168514831 403
[debug] [2026-03-24T00:55:02.749Z] <<< [apiv2][body] GET https://compute.googleapis.com/compute/v1/projects/35168514831 {"error":{"code":403,"message":"Compute Engine API has not been used in project 35168514831 before or it is disabled. Enable it by visiting https://console.developers.google.com/apis/api/compute.googleapis.com/overview?project=35168514831 then retry. If you enabled this API recently, wait a few minutes for the action to propagate to our systems and retry.","errors":[{"message":"Compute Engine API has not been used in project 35168514831 before or it is disabled. Enable it by visiting https://console.developers.google.com/apis/api/compute.googleapis.com/overview?project=35168514831 then retry. If you enabled this API recently, wait a few minutes for the action to propagate to our systems and retry.","domain":"usageLimits","reason":"accessNotConfigured","extendedHelp":"https://console.developers.google.com"}],"status":"PERMISSION_DENIED","details":[{"@type":"type.googleapis.com/google.rpc.ErrorInfo","reason":"SERVICE_DISABLED","domain":"googleapis.com","metadata":{"consumer":"projects/35168514831","activationUrl":"https://console.developers.google.com/apis/api/compute.googleapis.com/overview?project=35168514831","containerInfo":"35168514831","service":"compute.googleapis.com","serviceTitle":"Compute Engine API"}},{"@type":"type.googleapis.com/google.rpc.LocalizedMessage","locale":"en-US","message":"Compute Engine API has not been used in project 35168514831 before or it is disabled. Enable it by visiting https://console.developers.google.com/apis/api/compute.googleapis.com/overview?project=35168514831 then retry. If you enabled this API recently, wait a few minutes for the action to propagate to our systems and retry."},{"@type":"type.googleapis.com/google.rpc.Help","links":[{"description":"Google developers console API activation","url":"https://console.developers.google.com/apis/api/compute.googleapis.com/overview?project=35168514831"}]}]}}
[debug] [2026-03-24T00:55:02.749Z] unable to look up default compute service account. Falling back to 35168514831-compute@developer.gserviceaccount.com. Error: {"name":"FirebaseError","children":[],"context":{"body":{"error":{"code":403,"message":"Compute Engine API has not been used in project 35168514831 before or it is disabled. Enable it by visiting https://console.developers.google.com/apis/api/compute.googleapis.com/overview?project=35168514831 then retry. If you enabled this API recently, wait a few minutes for the action to propagate to our systems and retry.","errors":[{"message":"Compute Engine API has not been used in project 35168514831 before or it is disabled. Enable it by visiting https://console.developers.google.com/apis/api/compute.googleapis.com/overview?project=35168514831 then retry. If you enabled this API recently, wait a few minutes for the action to propagate to our systems and retry.","domain":"usageLimits","reason":"accessNotConfigured","extendedHelp":"https://console.developers.google.com"}],"status":"PERMISSION_DENIED","details":[{"@type":"type.googleapis.com/google.rpc.ErrorInfo","reason":"SERVICE_DISABLED","domain":"googleapis.com","metadata":{"consumer":"projects/35168514831","activationUrl":"https://console.developers.google.com/apis/api/compute.googleapis.com/overview?project=35168514831","containerInfo":"35168514831","service":"compute.googleapis.com","serviceTitle":"Compute Engine API"}},{"@type":"type.googleapis.com/google.rpc.LocalizedMessage","locale":"en-US","message":"Compute Engine API has not been used in project 35168514831 before or it is disabled. Enable it by visiting https://console.developers.google.com/apis/api/compute.googleapis.com/overview?project=35168514831 then retry. If you enabled this API recently, wait a few minutes for the action to propagate to our systems and retry."},{"@type":"type.googleapis.com/google.rpc.Help","links":[{"description":"Google developers console API activation","url":"https://console.developers.google.com/apis/api/compute.googleapis.com/overview?project=35168514831"}]}]}},"response":{"statusCode":403}},"exit":1,"message":"Request to https://compute.googleapis.com/compute/v1/projects/35168514831 had HTTP Error: 403, Compute Engine API has not been used in project 35168514831 before or it is disabled. Enable it by visiting https://console.developers.google.com/apis/api/compute.googleapis.com/overview?project=35168514831 then retry. If you enabled this API recently, wait a few minutes for the action to propagate to our systems and retry.","status":403}
[debug] [2026-03-24T00:55:02.750Z] Checked if tokens are valid: true, expires at: 1774315104473
[debug] [2026-03-24T00:55:02.750Z] Checked if tokens are valid: true, expires at: 1774315104473
[debug] [2026-03-24T00:55:02.750Z] >>> [apiv2][query] GET https://cloudbilling.googleapis.com/v1/projects/myproject-526bc/billingInfo [none]
[debug] [2026-03-24T00:55:06.867Z] <<< [apiv2][status] GET https://cloudbilling.googleapis.com/v1/projects/myproject-526bc/billingInfo 200
[debug] [2026-03-24T00:55:06.867Z] <<< [apiv2][body] GET https://cloudbilling.googleapis.com/v1/projects/myproject-526bc/billingInfo {"name":"projects/myproject-526bc/billingInfo","projectId":"myproject-526bc","billingAccountName":"billingAccounts/0188BB-EA6F9B-437639","billingEnabled":true}
[debug] [2026-03-24T00:55:06.869Z] Checked if tokens are valid: true, expires at: 1774315104473
[debug] [2026-03-24T00:55:06.869Z] Checked if tokens are valid: true, expires at: 1774315104473
[debug] [2026-03-24T00:55:06.869Z] >>> [apiv2][query] POST https://cloudfunctions.googleapis.com/v2/projects/myproject-526bc/locations/us-central1/functions:generateUploadUrl [none]
[debug] [2026-03-24T00:55:17.461Z] <<< [apiv2][status] POST https://cloudfunctions.googleapis.com/v2/projects/myproject-526bc/locations/us-central1/functions:generateUploadUrl 200
[debug] [2026-03-24T00:55:17.461Z] <<< [apiv2][body] POST https://cloudfunctions.googleapis.com/v2/projects/myproject-526bc/locations/us-central1/functions:generateUploadUrl {"uploadUrl":"https://storage.googleapis.com/gcf-v2-uploads-35168514831.us-central1.cloudfunctions.appspot.com/169aca55-76bb-4232-8142-2028d320f1e3.zip?GoogleAccessId=service-35168514831@gcf-admin-robot.iam.gserviceaccount.com&Expires=1774315517&Signature=paiE7u%2B%2FFD%2FxDzT7aJxnPM%2B4bkwlyYhNurQQzrp1nXziKCClIlWXCFQkbiDtRmioyG6iOiXLid8BG%2BfVohxaZopcyvpnpOBNO03B%2BrI6wkW1csTuGkGgb1tyD2TCr4%2FjelfJPwSfHPgT2FBu3jKHd6eDZjVXMMONI6%2FqpwxsyqLkXzSfeHDiRpTLhfNAlAI98eXQ%2FC%2FGRqF%2BDCfN4p5uHXPQb8D1NlKR1mwFmpcNzWFQCPqpO6WrNWlkaBiIaTcqTRoAQvBzLDvfd0Xh67rkEmZ2c5txWXc2NIqWK2Cfqt8Qv2Zs3FFsilz3gcjI4QomC2vrlrkKaoW8Lk%2FgFzG7cw%3D%3D","storageSource":{"bucket":"gcf-v2-uploads-35168514831.us-central1.cloudfunctions.appspot.com","object":"169aca55-76bb-4232-8142-2028d320f1e3.zip"}}
[debug] [2026-03-24T00:55:17.462Z] >>> [apiv2][query] PUT https://storage.googleapis.com/gcf-v2-uploads-35168514831.us-central1.cloudfunctions.appspot.com/169aca55-76bb-4232-8142-2028d320f1e3.zip GoogleAccessId=service-35168514831%40gcf-admin-robot.iam.gserviceaccount.com&Expires=1774315517&Signature=paiE7u%2B%2FFD%2FxDzT7aJxnPM%2B4bkwlyYhNurQQzrp1nXziKCClIlWXCFQkbiDtRmioyG6iOiXLid8BG%2BfVohxaZopcyvpnpOBNO03B%2BrI6wkW1csTuGkGgb1tyD2TCr4%2FjelfJPwSfHPgT2FBu3jKHd6eDZjVXMMONI6%2FqpwxsyqLkXzSfeHDiRpTLhfNAlAI98eXQ%2FC%2FGRqF%2BDCfN4p5uHXPQb8D1NlKR1mwFmpcNzWFQCPqpO6WrNWlkaBiIaTcqTRoAQvBzLDvfd0Xh67rkEmZ2c5txWXc2NIqWK2Cfqt8Qv2Zs3FFsilz3gcjI4QomC2vrlrkKaoW8Lk%2FgFzG7cw%3D%3D
[debug] [2026-03-24T00:55:17.462Z] >>> [apiv2][body] PUT https://storage.googleapis.com/gcf-v2-uploads-35168514831.us-central1.cloudfunctions.appspot.com/169aca55-76bb-4232-8142-2028d320f1e3.zip [stream]
[debug] [2026-03-24T00:55:18.327Z] <<< [apiv2][status] PUT https://storage.googleapis.com/gcf-v2-uploads-35168514831.us-central1.cloudfunctions.appspot.com/169aca55-76bb-4232-8142-2028d320f1e3.zip 200
[debug] [2026-03-24T00:55:18.327Z] <<< [apiv2][body] PUT https://storage.googleapis.com/gcf-v2-uploads-35168514831.us-central1.cloudfunctions.appspot.com/169aca55-76bb-4232-8142-2028d320f1e3.zip [omitted]
[info] +  functions: functions source uploaded successfully 
[info] i  functions: creating Node.js 24 (2nd Gen) function deleteLargeFiles(us-central1)... 
[debug] [2026-03-24T00:55:18.331Z] Checked if tokens are valid: true, expires at: 1774315104473
[debug] [2026-03-24T00:55:18.331Z] Checked if tokens are valid: true, expires at: 1774315104473
[debug] [2026-03-24T00:55:18.331Z] >>> [apiv2][query] POST https://cloudfunctions.googleapis.com/v2/projects/myproject-526bc/locations/us-central1/functions functionId=deleteLargeFiles
[debug] [2026-03-24T00:55:18.331Z] >>> [apiv2][body] POST https://cloudfunctions.googleapis.com/v2/projects/myproject-526bc/locations/us-central1/functions {"name":"projects/myproject-526bc/locations/us-central1/functions/deleteLargeFiles","buildConfig":{"runtime":"nodejs24","entryPoint":"deleteLargeFiles","source":{"storageSource":{"bucket":"gcf-v2-uploads-35168514831.us-central1.cloudfunctions.appspot.com","object":"169aca55-76bb-4232-8142-2028d320f1e3.zip"}},"environmentVariables":{"GOOGLE_NODE_RUN_SCRIPTS":""}},"serviceConfig":{"environmentVariables":{"FIREBASE_CONFIG":"{\"projectId\":\"myproject-526bc\",\"databaseURL\":\"https://myproject-526bc-default-rtdb.firebaseio.com\",\"storageBucket\":\"myproject-526bc.firebasestorage.app\"}","GCLOUD_PROJECT":"myproject-526bc","EVENTARC_CLOUD_EVENT_SOURCE":"projects/myproject-526bc/locations/us-central1/services/deleteLargeFiles","FUNCTION_SIGNATURE_TYPE":"cloudevent","FUNCTION_TARGET":"deleteLargeFiles","LOG_EXECUTION_ID":"true"},"ingressSettings":null,"timeoutSeconds":null,"serviceAccountEmail":null,"availableMemory":"256Mi","minInstanceCount":null,"maxInstanceCount":null,"maxInstanceRequestConcurrency":80,"availableCpu":"1","vpcConnector":null,"vpcConnectorEgressSettings":null,"directVpcNetworkInterface":null,"directVpcEgress":null},"labels":{"deployment-tool":"cli-firebase","firebase-functions-hash":"271ddb14dec3981a97106f3009666ca240776a99"},"eventTrigger":{"eventType":"google.cloud.storage.object.v1.finalized","retryPolicy":"RETRY_POLICY_DO_NOT_RETRY","eventFilters":[{"attribute":"bucket","value":"myproject-526bc.firebasestorage.app"}],"triggerRegion":"us-central1"}}
[debug] [2026-03-24T00:55:21.676Z] <<< [apiv2][status] POST https://cloudfunctions.googleapis.com/v2/projects/myproject-526bc/locations/us-central1/functions 403
[debug] [2026-03-24T00:55:21.676Z] <<< [apiv2][body] POST https://cloudfunctions.googleapis.com/v2/projects/myproject-526bc/locations/us-central1/functions {"error":{"code":403,"message":"Validation failed for trigger projects/myproject-526bc/locations/us-central1/triggers/deletelargefiles-671882: Permission \"storage.buckets.get\" denied on \"Bucket \\\"myproject-526bc.firebasestorage.app\\\" could not be validated. Please verify that the bucket exists and that the Eventarc service account has permission.\"","status":"PERMISSION_DENIED"}}
[warn] !  functions: Request to https://cloudfunctions.googleapis.com/v2/projects/myproject-526bc/locations/us-central1/functions?functionId=deleteLargeFiles had HTTP Error: 403, Validation failed for trigger projects/myproject-526bc/locations/us-central1/triggers/deletelargefiles-671882: Permission "storage.buckets.get" denied on "Bucket \"myproject-526bc.firebasestorage.app\" could not be validated. Please verify that the bucket exists and that the Eventarc service account has permission." 
[warn] !  functions:  failed to create function projects/myproject-526bc/locations/us-central1/functions/deleteLargeFiles 
[error] Failed to create function projects/myproject-526bc/locations/us-central1/functions/deleteLargeFiles
[debug] [2026-03-24T00:55:21.682Z] Total Function Deployment time: 3349
[debug] [2026-03-24T00:55:21.682Z] 1 Functions Deployed
[debug] [2026-03-24T00:55:21.682Z] 1 Functions Errored
[debug] [2026-03-24T00:55:21.682Z] 0 Function Deployments Aborted
[debug] [2026-03-24T00:55:21.682Z] Average Function Deployment time: 3348
[info] 
[info] Functions deploy had errors with the following functions:
	deleteLargeFiles(us-central1)
[debug] [2026-03-24T00:55:21.832Z] Checked if tokens are valid: true, expires at: 1774315104473
[debug] [2026-03-24T00:55:21.832Z] Checked if tokens are valid: true, expires at: 1774315104473
[debug] [2026-03-24T00:55:21.832Z] >>> [apiv2][query] GET https://artifactregistry.googleapis.com/v1/projects/myproject-526bc/locations/us-central1/repositories/gcf-artifacts [none]
[debug] [2026-03-24T00:55:26.006Z] <<< [apiv2][status] GET https://artifactregistry.googleapis.com/v1/projects/myproject-526bc/locations/us-central1/repositories/gcf-artifacts 404
[debug] [2026-03-24T00:55:26.006Z] <<< [apiv2][body] GET https://artifactregistry.googleapis.com/v1/projects/myproject-526bc/locations/us-central1/repositories/gcf-artifacts {"error":{"code":404,"message":"Requested entity was not found.","status":"NOT_FOUND"}}
[debug] [2026-03-24T00:55:26.006Z] Failed to check artifact cleanup policy for region us-central1: Request to https://artifactregistry.googleapis.com/v1/projects/myproject-526bc/locations/us-central1/repositories/gcf-artifacts had HTTP Error: 404, Requested entity was not found. {"name":"FirebaseError","children":[],"context":{"body":{"error":{"code":404,"message":"Requested entity was not found.","status":"NOT_FOUND"}},"response":{"statusCode":404}},"exit":1,"message":"Request to https://artifactregistry.googleapis.com/v1/projects/myproject-526bc/locations/us-central1/repositories/gcf-artifacts had HTTP Error: 404, Requested entity was not found.","status":404}
[debug] [2026-03-24T00:55:26.007Z] Functions deploy failed.
[debug] [2026-03-24T00:55:26.007Z] {
  "endpoint": {
    "id": "deleteLargeFiles",
    "project": "myproject-526bc",
    "region": "us-central1",
    "entryPoint": "deleteLargeFiles",
    "platform": "gcfv2",
    "runtime": "nodejs24",
    "eventTrigger": {
      "eventType": "google.cloud.storage.object.v1.finalized",
      "retry": false,
      "eventFilters": {
        "bucket": "myproject-526bc.firebasestorage.app"
      },
      "region": "us-central1"
    },
    "labels": {
      "deployment-tool": "cli-firebase"
    },
    "serviceAccount": null,
    "ingressSettings": null,
    "availableMemoryMb": null,
    "timeoutSeconds": null,
    "maxInstances": null,
    "minInstances": null,
    "concurrency": 80,
    "vpc": null,
    "environmentVariables": {
      "FIREBASE_CONFIG": "{\"projectId\":\"myproject-526bc\",\"databaseURL\":\"https://myproject-526bc-default-rtdb.firebaseio.com\",\"storageBucket\":\"myproject-526bc.firebasestorage.app\"}",
      "GCLOUD_PROJECT": "myproject-526bc",
      "EVENTARC_CLOUD_EVENT_SOURCE": "projects/myproject-526bc/locations/us-central1/services/deleteLargeFiles"
    },
    "codebase": "default",
    "cpu": 1,
    "targetedByOnly": false,
    "hash": "271ddb14dec3981a97106f3009666ca240776a99"
  },
  "op": "create",
  "original": {
    "name": "FirebaseError",
    "children": [],
    "context": {
      "function": "projects/myproject-526bc/locations/us-central1/functions/deleteLargeFiles"
    },
    "exit": 1,
    "message": "Failed to create function projects/myproject-526bc/locations/us-central1/functions/deleteLargeFiles",
    "original": {
      "name": "FirebaseError",
      "children": [],
      "context": {
        "body": {
          "error": {
            "code": 403,
            "message": "Validation failed for trigger projects/myproject-526bc/locations/us-central1/triggers/deletelargefiles-671882: Permission \"storage.buckets.get\" denied on \"Bucket \\\"myproject-526bc.firebasestorage.app\\\" could not be validated. Please verify that the bucket exists and that the Eventarc service account has permission.\"",
            "status": "PERMISSION_DENIED"
          }
        },
        "response": {
          "statusCode": 403
        }
      },
      "exit": 1,
      "message": "Request to https://cloudfunctions.googleapis.com/v2/projects/myproject-526bc/locations/us-central1/functions?functionId=deleteLargeFiles had HTTP Error: 403, Validation failed for trigger projects/myproject-526bc/locations/us-central1/triggers/deletelargefiles-671882: Permission \"storage.buckets.get\" denied on \"Bucket \\\"myproject-526bc.firebasestorage.app\\\" could not be validated. Please verify that the bucket exists and that the Eventarc service account has permission.\"",
      "status": 403
    },
    "status": 403,
    "code": 403
  }
}
[debug] [2026-03-24T00:55:26.069Z] Error: Failed to create function deleteLargeFiles in region us-central1
    at C:\Users\Laboratorio-Info\AppData\Roaming\npm\node_modules\firebase-tools\lib\deploy\functions\release\fabricator.js:318:27
    at process.processTicksAndRejections (node:internal/process/task_queues:103:5)
    at async Fabricator.createV2Function (C:\Users\Laboratorio-Info\AppData\Roaming\npm\node_modules\firebase-tools\lib\deploy\functions\release\fabricator.js:297:30)
    at async Fabricator.createEndpoint (C:\Users\Laboratorio-Info\AppData\Roaming\npm\node_modules\firebase-tools\lib\deploy\functions\release\fabricator.js:139:13)
    at async handle (C:\Users\Laboratorio-Info\AppData\Roaming\npm\node_modules\firebase-tools\lib\deploy\functions\release\fabricator.js:91:17)
[error] 
[error] Error: There was an error deploying functions
